Resolving dependencies...
Downloading packages...
  characters 1.4.0 (1.4.1 available)
  file_picker 8.3.7 (10.3.8 available)
  flutter_tts 4.2.3 (4.2.5 available)
  matcher 0.12.17 (0.12.18 available)
  material_color_utilities 0.11.1 (0.13.0 available)
  permission_handler 11.4.0 (12.0.1 available)
  permission_handler_android 12.1.0 (13.0.1 available)
  test_api 0.7.7 (0.7.9 available)
Got dependencies!
8 packages have newer versions incompatible with dependency constraints.
Try `flutter pub outdated` for more information.
00:00 +0: loading C:/FlutterProjects/talkland_flutter/test/widget_test.dart
00:00 +0: Talkie app smoke test
?먥븧??EXCEPTION CAUGHT BY FLUTTER TEST FRAMEWORK ?왿븧?먥븧?먥븧?먥븧?먥븧?먥븧?먥븧?먥븧?먥븧?먥븧?먥븧?먥븧?먥븧?먥븧?먥븧?먥븧?먥븧?먥븧?먥븧?먥븧?먥븧?먥븧?먥븧?먥븧?먥븧?먥븧??The following TestFailure was thrown running a test:
Expected: exactly one matching candidate
  Actual: _TextWidgetFinder:<Found 0 widgets with text "Talkie": []>
   Which: means none were found but one was expected

When the exception was thrown, this was the stack:
#4      main.<anonymous closure> (file:///C:/FlutterProjects/talkland_flutter/test/widget_test.dart:10:5)
<asynchronous suspension>
#5      testWidgets.<anonymous closure>.<anonymous closure> (package:flutter_test/src/widget_tester.dart:192:15)
<asynchronous suspension>
#6      TestWidgetsFlutterBinding._runTestBody (package:flutter_test/src/binding.dart:1059:5)
<asynchronous suspension>
<asynchronous suspension>
(elided one frame from package:stack_trace)

This was caught by the test expectation on the following line:
  file:///C:/FlutterProjects/talkland_flutter/test/widget_test.dart line 10
The test description was:
  Talkie app smoke test
?먥븧?먥븧?먥븧?먥븧?먥븧?먥븧?먥븧?먥븧?먥븧?먥븧?먥븧?먥븧?먥븧?먥븧?먥븧?먥븧?먥븧?먥븧?먥븧?먥븧?먥븧?먥븧?먥븧?먥븧?먥븧?먥븧?먥븧?먥븧?먥븧?먥븧?먥븧?먥븧?먥븧?먥븧?먥븧?먥븧?먥븧?먥븧?먥븧?먥븧?먥븧?먥븧?먥븧?먥븧?먥븧?먥븧?먥븧?먥븧?먥븧?먥븧
00:00 +0 -1: Talkie app smoke test [E]
  Test failed. See exception logs above.
  The test description was: Talkie app smoke test
  
00:00 +0 -1: Some tests failed.
